Database transaction test:

[root@node1 vagrant]# date
Tue Dec 13 20:25:38 UTC 2016

[root@node1 vagrant]# mysql -u root -p
Enter password: 
Welcome to the MySQL monitor.  Commands end with ; or \g.
Your MySQL connection id is 5
Server version: 5.6.34 MySQL Community Server (GPL), wsrep_25.18

Copyright (c) 2000, 2016, Oracle and/or its affiliates. All rights reserved.

Oracle is a registered trademark of Oracle Corporation and/or its
affiliates. Other names may be trademarks of their respective
owners.

Type 'help;' or '\h' for help. Type '\c' to clear the current input statement.

mysql> show databases;
+--------------------+
| Database           |
+--------------------+
| information_schema |
| mysql              |
| performance_schema |
| test               |
+--------------------+
4 rows in set (0.01 sec)



[vagrant@node2 ~]$ date
Tue Dec 13 20:26:24 UTC 2016
[vagrant@node2 ~]$ mysql -u root -p
Enter password: 
Welcome to the MySQL monitor.  Commands end with ; or \g.
Your MySQL connection id is 3
Server version: 5.6.34 MySQL Community Server (GPL), wsrep_25.18

Copyright (c) 2000, 2016, Oracle and/or its affiliates. All rights reserved.

Oracle is a registered trademark of Oracle Corporation and/or its
affiliates. Other names may be trademarks of their respective
owners.

Type 'help;' or '\h' for help. Type '\c' to clear the current input statement.

mysql> show databases;
+--------------------+
| Database           |
+--------------------+
| information_schema |
| mysql              |
| performance_schema |
| test               |
+--------------------+
4 rows in set (0.01 sec)



[root@node1 vagrant]# vi dbconvert.sh 
[root@node1 vagrant]# ./dbconvert.sh
./dbconvert.sh: line 10: /usr/local/openvpn_as_as/scripts/dbcvt: No such file or directory
[root@node1 vagrant]# date
Tue Dec 13 20:51:56 UTC 2016
[root@node1 vagrant]# mysql -u root -p
Enter password: 
Welcome to the MySQL monitor.  Commands end with ; or \g.
Your MySQL connection id is 25
Server version: 5.6.34 MySQL Community Server (GPL), wsrep_25.18

Copyright (c) 2000, 2016, Oracle and/or its affiliates. All rights reserved.

Oracle is a registered trademark of Oracle Corporation and/or its
affiliates. Other names may be trademarks of their respective
owners.

Type 'help;' or '\h' for help. Type '\c' to clear the current input statement.

mysql> use openvpn_as;
Reading table information for completion of table and column names
You can turn off this feature to get a quicker startup with -A

Database changed
mysql> show tables;
+----------------------+
| Tables_in_openvpn_as |
+----------------------+
| certificates         |
| config               |
| log                  |
| profile              |
+----------------------+
4 rows in set (0.00 sec)

mysql> 


[vagrant@node2 ~]$ date
Tue Dec 13 20:46:06 UTC 2016
[vagrant@node2 ~]$ mysql -u root -p
Enter password: 
Welcome to the MySQL monitor.  Commands end with ; or \g.
Your MySQL connection id is 5
Server version: 5.6.34 MySQL Community Server (GPL), wsrep_25.18

Copyright (c) 2000, 2016, Oracle and/or its affiliates. All rights reserved.

Oracle is a registered trademark of Oracle Corporation and/or its
affiliates. Other names may be trademarks of their respective
owners.

Type 'help;' or '\h' for help. Type '\c' to clear the current input statement.

mysql> use openvpn_as;
Database changed
mysql> show tables
    -> ;
Empty set (0.00 sec)

mysql> show tables;
+----------------------+
| Tables_in_openvpn_as |
+----------------------+
| certificates         |
| config               |
| log                  |
| profile              |
+----------------------+
4 rows in set (0.00 sec)

mysql> 



[root@node2 vagrant]# mysql -u root -p
Enter password: 
Welcome to the MySQL monitor.  Commands end with ; or \g.
Your MySQL connection id is 7
Server version: 5.6.34 MySQL Community Server (GPL), wsrep_25.18

Copyright (c) 2000, 2016, Oracle and/or its affiliates. All rights reserved.

Oracle is a registered trademark of Oracle Corporation and/or its
affiliates. Other names may be trademarks of their respective
owners.

Type 'help;' or '\h' for help. Type '\c' to clear the current input statement.

mysql> show databases;
+--------------------+
| Database           |
+--------------------+
| information_schema |
| mysql              |
| openvpn_as         |
| performance_schema |
| test               |
+--------------------+
5 rows in set (0.00 sec)

mysql> use mysql;
Reading table information for completion of table and column names
You can turn off this feature to get a quicker startup with -A

Database changed
mysql> show tables;
+---------------------------+
| Tables_in_mysql           |
+---------------------------+
| columns_priv              |
| db                        |
| event                     |
| func                      |
| general_log               |
| help_category             |
| help_keyword              |
| help_relation             |
| help_topic                |
| innodb_index_stats        |
| innodb_table_stats        |
| ndb_binlog_index          |
| plugin                    |
| proc                      |
| procs_priv                |
| proxies_priv              |
| servers                   |
| slave_master_info         |
| slave_relay_log_info      |
| slave_worker_info         |
| slow_log                  |
| tables_priv               |
| time_zone                 |
| time_zone_leap_second     |
| time_zone_name            |
| time_zone_transition      |
| time_zone_transition_type |
| user                      |
+---------------------------+
28 rows in set (0.00 sec)

mysql> use test;
Database changed
mysql> show table;s
ERROR 1064 (42000): You have an error in your SQL syntax; check the manual that corresponds to your MySQL server version for the right syntax to use near '' at line 1
    -> show tables;
ERROR 1064 (42000): You have an error in your SQL syntax; check the manual that corresponds to your MySQL server version for the right syntax to use near 's
show tables' at line 1
mysql> show tables;
Empty set (0.00 sec)

mysql> CREATE TABLE pet (name VARCHAR(20), owner VARCHAR(20), species VARCHAR(20), sex CHAR(1), birth DATE, death DATE);
Query OK, 0 rows affected (0.01 sec)



[root@node1 vagrant]# mysql -u root -p
Enter password: 
Welcome to the MySQL monitor.  Commands end with ; or \g.
Your MySQL connection id is 26
Server version: 5.6.34 MySQL Community Server (GPL), wsrep_25.18

Copyright (c) 2000, 2016, Oracle and/or its affiliates. All rights reserved.

Oracle is a registered trademark of Oracle Corporation and/or its
affiliates. Other names may be trademarks of their respective
owners.

Type 'help;' or '\h' for help. Type '\c' to clear the current input statement.

mysql> ll
    -> ;
ERROR 1064 (42000): You have an error in your SQL syntax; check the manual that corresponds to your MySQL server version for the right syntax to use near 'll' at line 1
mysql> show databases;
+--------------------+
| Database           |
+--------------------+
| information_schema |
| mysql              |
| openvpn_as         |
| performance_schema |
| test               |
+--------------------+
5 rows in set (0.00 sec)

mysql> use test;
Database changed
mysql> show tables;
Empty set (0.00 sec)

mysql> desc tables;
ERROR 1146 (42S02): Table 'test.tables' doesn't exist
mysql> show tables;
Empty set (0.00 sec)

mysql> desc test;
ERROR 1146 (42S02): Table 'test.test' doesn't exist
mysql> show tables;
Empty set (0.00 sec)

mysql> show tables;
Empty set (0.00 sec)

mysql> show tables;
Empty set (0.00 sec)

mysql> show tables;
+----------------+
| Tables_in_test |
+----------------+
| pet            |
+----------------+
1 row in set (0.00 sec)

mysql> 


mysql> show status like 'wsrep_%';
+------------------------------+----------------------------------------------------------+
| Variable_name                | Value                                                    |
+------------------------------+----------------------------------------------------------+
| wsrep_local_state_uuid       | ad6b4634-c167-11e6-a406-96581931e9ef                     |
| wsrep_protocol_version       | 7                                                        |
| wsrep_last_committed         | 1115                                                     |
| wsrep_replicated             | 1114                                                     |
| wsrep_replicated_bytes       | 3026277                                                  |
| wsrep_repl_keys              | 5298                                                     |
| wsrep_repl_keys_bytes        | 68007                                                    |
| wsrep_repl_data_bytes        | 2886974                                                  |
| wsrep_repl_other_bytes       | 0                                                        |
| wsrep_received               | 25                                                       |
| wsrep_received_bytes         | 1585                                                     |
| wsrep_local_commits          | 1091                                                     |
| wsrep_local_cert_failures    | 0                                                        |
| wsrep_local_replays          | 0                                                        |
| wsrep_local_send_queue       | 0                                                        |
| wsrep_local_send_queue_max   | 1                                                        |
| wsrep_local_send_queue_min   | 0                                                        |
| wsrep_local_send_queue_avg   | 0.000000                                                 |
| wsrep_local_recv_queue       | 0                                                        |
| wsrep_local_recv_queue_max   | 2                                                        |
| wsrep_local_recv_queue_min   | 0                                                        |
| wsrep_local_recv_queue_avg   | 0.040000                                                 |
| wsrep_local_cached_downto    | 1                                                        |
| wsrep_flow_control_paused_ns | 0                                                        |
| wsrep_flow_control_paused    | 0.000000                                                 |
| wsrep_flow_control_sent      | 0                                                        |
| wsrep_flow_control_recv      | 0                                                        |
| wsrep_cert_deps_distance     | 59.614350                                                |
| wsrep_apply_oooe             | 0.000000                                                 |
| wsrep_apply_oool             | 0.000000                                                 |
| wsrep_apply_window           | 1.000000                                                 |
| wsrep_commit_oooe            | 0.000000                                                 |
| wsrep_commit_oool            | 0.000000                                                 |
| wsrep_commit_window          | 1.000000                                                 |
| wsrep_local_state            | 4                                                        |
| wsrep_local_state_comment    | Synced                                                   |
| wsrep_cert_index_size        | 95                                                       |
| wsrep_causal_reads           | 0                                                        |
| wsrep_cert_interval          | 0.000000                                                 |
| wsrep_incoming_addresses     | 192.168.32.10:3306,192.168.33.10:3306,192.168.31.10:3306 |
| wsrep_desync_count           | 0                                                        |
| wsrep_evs_delayed            |                                                          |
| wsrep_evs_evict_list         |                                                          |
| wsrep_evs_repl_latency       | 0/0/0/0/0                                                |
| wsrep_evs_state              | OPERATIONAL                                              |
| wsrep_gcomm_uuid             | ad68a22d-c167-11e6-a896-7ad1edd625b4                     |
| wsrep_cluster_conf_id        | 5                                                        |
| wsrep_cluster_size           | 3                                                        |
| wsrep_cluster_state_uuid     | ad6b4634-c167-11e6-a406-96581931e9ef                     |
| wsrep_cluster_status         | Primary                                                  |
| wsrep_connected              | ON                                                       |
| wsrep_local_bf_aborts        | 0                                                        |
| wsrep_local_index            | 2                                                        |
| wsrep_provider_name          | Galera                                                   |
| wsrep_provider_vendor        | Codership Oy <info@codership.com>                        |
| wsrep_provider_version       | 3.19(rb98f92f)                                           |
| wsrep_ready                  | ON                                                       |
+------------------------------+----------------------------------------------------------+
57 rows in set (0.01 sec)

mysql> 

mysql> show status like 'wsrep_%';
+------------------------------+----------------------------------------------------------+
| Variable_name                | Value                                                    |
+------------------------------+----------------------------------------------------------+
| wsrep_local_state_uuid       | ad6b4634-c167-11e6-a406-96581931e9ef                     |
| wsrep_protocol_version       | 7                                                        |
| wsrep_last_committed         | 1115                                                     |
| wsrep_replicated             | 1                                                        |
| wsrep_replicated_bytes       | 302                                                      |
| wsrep_repl_keys              | 2                                                        |
| wsrep_repl_keys_bytes        | 39                                                       |
| wsrep_repl_data_bytes        | 199                                                      |
| wsrep_repl_other_bytes       | 0                                                        |
| wsrep_received               | 1130                                                     |
| wsrep_received_bytes         | 3026414                                                  |
| wsrep_local_commits          | 0                                                        |
| wsrep_local_cert_failures    | 0                                                        |
| wsrep_local_replays          | 0                                                        |
| wsrep_local_send_queue       | 0                                                        |
| wsrep_local_send_queue_max   | 1                                                        |
| wsrep_local_send_queue_min   | 0                                                        |
| wsrep_local_send_queue_avg   | 0.000000                                                 |
| wsrep_local_recv_queue       | 0                                                        |
| wsrep_local_recv_queue_max   | 14                                                       |
| wsrep_local_recv_queue_min   | 0                                                        |
| wsrep_local_recv_queue_avg   | 0.114159                                                 |
| wsrep_local_cached_downto    | 2                                                        |
| wsrep_flow_control_paused_ns | 0                                                        |
| wsrep_flow_control_paused    | 0.000000                                                 |
| wsrep_flow_control_sent      | 0                                                        |
| wsrep_flow_control_recv      | 0                                                        |
| wsrep_cert_deps_distance     | 59.666966                                                |
| wsrep_apply_oooe             | 0.000000                                                 |
| wsrep_apply_oool             | 0.000000                                                 |
| wsrep_apply_window           | 1.000000                                                 |
| wsrep_commit_oooe            | 0.000000                                                 |
| wsrep_commit_oool            | 0.000000                                                 |
| wsrep_commit_window          | 1.000000                                                 |
| wsrep_local_state            | 4                                                        |
| wsrep_local_state_comment    | Synced                                                   |
| wsrep_cert_index_size        | 95                                                       |
| wsrep_causal_reads           | 0                                                        |
| wsrep_cert_interval          | 0.000000                                                 |
| wsrep_incoming_addresses     | 192.168.32.10:3306,192.168.33.10:3306,192.168.31.10:3306 |
| wsrep_desync_count           | 0                                                        |
| wsrep_evs_delayed            |                                                          |
| wsrep_evs_evict_list         |                                                          |
| wsrep_evs_repl_latency       | 0/0/0/0/0                                                |
| wsrep_evs_state              | OPERATIONAL                                              |
| wsrep_gcomm_uuid             | 3ae720ad-c172-11e6-86fa-2329a79667f0                     |
| wsrep_cluster_conf_id        | 5                                                        |
| wsrep_cluster_size           | 3                                                        |
| wsrep_cluster_state_uuid     | ad6b4634-c167-11e6-a406-96581931e9ef                     |
| wsrep_cluster_status         | Primary                                                  |
| wsrep_connected              | ON                                                       |
| wsrep_local_bf_aborts        | 0                                                        |
| wsrep_local_index            | 0                                                        |
| wsrep_provider_name          | Galera                                                   |
| wsrep_provider_vendor        | Codership Oy <info@codership.com>                        |
| wsrep_provider_version       | 3.19(rb98f92f)                                           |
| wsrep_ready                  | ON                                                       |
+------------------------------+----------------------------------------------------------+
57 rows in set (0.00 sec)
